k=1 ell=0 w=2 n=4: mono=   41 | STRICT viol=    1 | WEAK viol=    1
    worst STRICT: alpha=(1, 1, 1, 1) coeff={0: 2, 1: -3, 3: 1} A=2 B=2 TOT=4 deficit=1
    worst WEAK  : alpha=(1, 1, 1, 1) coeff={0: 2, 1: -3, 3: 1} L1-TOT=2 TOT=4
k=1 ell=0 w=2 n=5: mono=  122 | STRICT viol=   10 | WEAK viol=   10
    worst STRICT: alpha=(2, 1, 1, 1, 1) coeff={0: 2, 1: -3, 3: 1} A=2 B=2 TOT=4 deficit=1
    worst WEAK  : alpha=(2, 1, 1, 1, 1) coeff={0: 2, 1: -3, 3: 1} L1-TOT=2 TOT=4
k=1 ell=0 w=2 n=6: mono=  365 | STRICT viol=   61 | WEAK viol=   61
    worst STRICT: alpha=(1, 1, 1, 1, 1, 1) coeff={0: 5, 1: -9, 3: 5, 6: -1} A=4 B=4 TOT=8 deficit=6
    worst WEAK  : alpha=(1, 1, 1, 1, 1, 1) coeff={0: 5, 1: -9, 3: 5, 6: -1} L1-TOT=12 TOT=8
k=1 ell=1 w=4 n=6: mono=  365 | STRICT viol=    1 | WEAK viol=    0
    worst STRICT: alpha=(1, 1, 1, 1, 1, 1) coeff={0: 5, 2: -5, 4: 1} A=5 B=4 TOT=18 deficit=1
k=1 ell=1 w=4 n=7: mono= 1094 | STRICT viol=   14 | WEAK viol=    0
    worst STRICT: alpha=(2, 1, 1, 1, 1, 1, 1) coeff={0: 5, 2: -5, 4: 1} A=5 B=4 TOT=18 deficit=1
k=1 ell=2 w=6 n=8: mono= 3281 | STRICT viol=    1 | WEAK viol=    0
    worst STRICT: alpha=(1, 1, 1, 1, 1, 1, 1, 1) coeff={0: 14, 3: -7, 5: 1} A=14 B=6 TOT=68 deficit=1
k=1 ell=2 w=6 n=9: mono= 9842 | STRICT viol=   18 | WEAK viol=    0
    worst STRICT: alpha=(2, 1, 1, 1, 1, 1, 1, 1, 1) coeff={0: 14, 3: -7, 5: 1} A=14 B=6 TOT=68 deficit=1
k=1 ell=3 w=8 n=10: mono=29525 | STRICT viol=    1 | WEAK viol=    0
    worst STRICT: alpha=(1, 1, 1, 1, 1, 1, 1, 1, 1, 1) coeff={0: 42, 4: -9, 6: 1} A=42 B=8 TOT=250 deficit=1
k=2 ell=0 w=2 n=4: mono=  313 | STRICT viol=  145 | WEAK viol=  145
    worst STRICT: alpha=(2, 2, 2, 2) coeff={0: 10, 1: -16, 2: 11, 3: -4} A=6 B=5 TOT=11 deficit=15
    worst WEAK  : alpha=(2, 2, 2, 2) coeff={0: 10, 1: -16, 2: 11, 3: -4} L1-TOT=30 TOT=11
k=2 ell=0 w=2 n=5: mono= 1563 | STRICT viol= 1051 | WEAK viol= 1051
    worst STRICT: alpha=(2, 2, 2, 2, 2) coeff={0: 27, 1: -60, 2: 55, 3: -20, 4: -5, 5: 4} A=11 B=10 TOT=21 deficit=75
    worst WEAK  : alpha=(2, 2, 2, 2, 2) coeff={0: 27, 1: -60, 2: 55, 3: -20, 4: -5, 5: 4} L1-TOT=150 TOT=21
k=2 ell=1 w=4 n=6: mono= 7813 | STRICT viol= 1817 | WEAK viol=    0
    worst STRICT: alpha=(2, 2, 2, 2, 2, 2) coeff={0: 82, 2: -90, 3: 46, 5: -6} A=76 B=44 TOT=316 deficit=52
