=== R. REGRESSION GATE (one pass; this is NOT the session's evidence) ===
  N(Ptilde) Lorentzian: pairs 0<=l<=h<=10 enumerated 66, failures 0; support sizes 1..66
  m=2 products: enumerated 441, failures 0; support sizes 1..66
  m=3 products: enumerated 1000, failures 0; support sizes 1..55
=== P4. product form  k(a) = [X^a E^{D-a} W^{H-D}] prod_i Ptilde_i ===
  prod_i Ptilde_i vs direct graded enumeration: instances 1110, agreements 1110
  k(a) vs the extracted coefficient: instances 3439, agreements 3439; D range 0..9
=== C1. delete ONE interior support point of Ptilde -- chain must REFUSE ===
  deletions enumerated 19, refusals 19  (must equal 19)
    e.g. (l,h)= 0 3  deleted (1, 1, 1)  reason: support not M-convex
    e.g. (l,h)= 1 4  deleted (1, 1, 2)  reason: support not M-convex
    e.g. (l,h)= 1 4  deleted (1, 2, 1)  reason: support not M-convex
=== C2. NON-LAMINAR crossing family: chain must FAIL TO CERTIFY, and the ===
===     conclusion must actually be FALSE somewhere (hypothesis load-bearing) ===
  cross=(0, 1): families enumerated 426; support NOT M-convex in 104; N(G) NOT Lorentzian in 140; counts NOT PF2 in 128 (D,instance pairs)
    witness that the conclusion is FALSE there: m=2 l=(0, 0) h=(1, 1) D=2 k=[1, 0, 1]
  cross=(1, 2): families enumerated 777; support NOT M-convex in 610; N(G) NOT Lorentzian in 720; counts NOT PF2 in 694 (D,instance pairs)
    witness that the conclusion is FALSE there: m=2 l=(0, 0) h=(1, 1) D=2 k=[1, 0, 1]
  cross=(0, 2): families enumerated 777; support NOT M-convex in 410; N(G) NOT Lorentzian in 697; counts NOT PF2 in 674 (D,instance pairs)
    witness that the conclusion is FALSE there: m=2 l=(0, 0) h=(1, 3) D=4 k=[0, 1, 0, 1, 0]
=== C3. all-1 coefficients on a NON-M-convex support: normalizedcoefficients ===
===     must not apply, i.e. N(f) must not be certified Lorentzian ===
  support [(2, 0, 0), (0, 2, 0), (0, 0, 2)]: M-convex=False, N(f) Lorentzian=False, ignoring support=False
  support [(2, 0, 0), (0, 2, 0), (1, 1, 0), (0, 0, 2)]: M-convex=False, N(f) Lorentzian=False, ignoring support=False
  support [(3, 0, 0), (0, 3, 0), (0, 0, 3), (1, 1, 1)]: M-convex=False, N(f) Lorentzian=False, ignoring support=False
  support [(2, 1, 0), (0, 1, 2), (1, 1, 1)]: M-convex=True, N(f) Lorentzian=True, ignoring support=True
  support [(2, 0, 1), (1, 2, 0), (0, 1, 2)]: M-convex=False, N(f) Lorentzian=False, ignoring support=False
=== HEDGE. is nu = log c M-concave for the PRODUCT f = prod_i Ptilde_i? ===
===        if yes, normalizedcoefficients alone suffices, dropping CorollaryConvolution ===
  products enumerated 2954; nu M-concave in 2954; first failure None

[exited with code 0]
