==============================================================================
PROVE 2026-08-11 Phase 2:  epsilon_i(v_{k',e}) via good-node rule
==============================================================================

### (e, k') = (2, 2) :  v_{2,2} = P_2^2 |emptyset>
    (partition weight |lambda| = 4)
    v has standard-basis support of size 5.
    [v] mod qL has support of size 2.
    [v] = |(4,)> +|(2, 2)>
      i = 0:  epsilon_0(v) = 0  [PASS]
          tilde_e_0^1 [v] = 0
      i = 1:  epsilon_1(v) = 1  [PASS]
          tilde_e_1^1 [v] = |(3,)>
          tilde_e_1^2 [v] = 0

### (e, k') = (2, 3) :  v_{3,2} = P_2^3 |emptyset>
    (partition weight |lambda| = 6)
    v has standard-basis support of size 10.
    [v] mod qL has support of size 3.
    [v] = |(6,)> +2|(4, 2)> +|(2, 2, 2)>
      i = 0:  epsilon_0(v) = 0  [PASS]
          tilde_e_0^1 [v] = 0
      i = 1:  epsilon_1(v) = 1  [PASS]
          tilde_e_1^1 [v] = |(5,)> +2|(3, 2)> +|(2, 2, 1)>
          tilde_e_1^2 [v] = 0

### (e, k') = (3, 2) :  v_{2,3} = P_3^2 |emptyset>
    (partition weight |lambda| = 6)
    v has standard-basis support of size 9.
    [v] mod qL has support of size 2.
    [v] = |(6,)> +|(3, 3)>
      i = 0:  epsilon_0(v) = 0  [PASS]
          tilde_e_0^1 [v] = 0
      i = 1:  epsilon_1(v) = 1  [PASS]
          tilde_e_1^1 [v] = |(3, 2)>
          tilde_e_1^2 [v] = 0
      i = 2:  epsilon_2(v) = 1  [PASS]
          tilde_e_2^1 [v] = |(5,)>
          tilde_e_2^2 [v] = 0

### (e, k') = (3, 3) :  v_{3,3} = P_3^3 |emptyset>
    (partition weight |lambda| = 9)
    v has standard-basis support of size 22.
    [v] mod qL has support of size 3.
    [v] = |(9,)> +2|(6, 3)> +|(3, 3, 3)>
      i = 0:  epsilon_0(v) = 0  [PASS]
          tilde_e_0^1 [v] = 0
      i = 1:  epsilon_1(v) = 1  [PASS]
          tilde_e_1^1 [v] = 2|(6, 2)>
          tilde_e_1^2 [v] = 0
      i = 2:  epsilon_2(v) = 1  [PASS]
          tilde_e_2^1 [v] = |(8,)> +2|(5, 3)>
          tilde_e_2^2 [v] = 0

### (e, k') = (4, 2) :  v_{2,4} = P_4^2 |emptyset>
    (partition weight |lambda| = 8)
    v has standard-basis support of size 14.
    [v] mod qL has support of size 2.
    [v] = |(8,)> +|(4, 4)>
      i = 0:  epsilon_0(v) = 0  [PASS]
          tilde_e_0^1 [v] = 0
      i = 1:  epsilon_1(v) = 0  [PASS]
          tilde_e_1^1 [v] = 0
      i = 2:  epsilon_2(v) = 1  [PASS]
          tilde_e_2^1 [v] = |(4, 3)>
          tilde_e_2^2 [v] = 0
      i = 3:  epsilon_3(v) = 1  [PASS]
          tilde_e_3^1 [v] = |(7,)>
          tilde_e_3^2 [v] = 0

==============================================================================
OVERALL:  14/14 triples PASS (epsilon_i <= 1)
==============================================================================
*** ALL PASS — C5 empirical verification complete for level 1 target set. ***
