==============================================================================
(A) Expansion check: [v_{k',e}] mod qL = sum_{lam vdash k'} f^lam |e*lam>
==============================================================================
  (e, k') = (2, 1), |lambda| = 2: OK
  (e, k') = (3, 1), |lambda| = 3: OK
  (e, k') = (4, 1), |lambda| = 4: OK
  (e, k') = (5, 1), |lambda| = 5: OK
  (e, k') = (2, 2), |lambda| = 4: OK
  (e, k') = (3, 2), |lambda| = 6: OK
  (e, k') = (4, 2), |lambda| = 8: OK
  (e, k') = (5, 2), |lambda| = 10: OK
  (e, k') = (2, 3), |lambda| = 6: OK
  (e, k') = (3, 3), |lambda| = 9: OK
  (e, k') = (4, 3), |lambda| = 12: OK
  (e, k') = (5, 3), |lambda| = 15: OK
  (e, k') = (2, 4), |lambda| = 8: OK
  (e, k') = (3, 4), |lambda| = 12: OK
  (e, k') = (4, 4), |lambda| = 16: OK
  (e, k') = (2, 5), |lambda| = 10: OK
  (e, k') = (3, 5), |lambda| = 15: OK

(A) TOTAL: 17/17 PASS

==============================================================================
(B) Individual claim: epsilon_i(e*lambda) <= 1 for all i, all lambda
==============================================================================

(B) TOTAL: 102/102 PASS (max epsilon_i seen: 1)
    Distribution of epsilon_i values: {0: 191, 1: 111}
