==============================================================================
Extended C5 sweep on v_{k',e}: (e, k') beyond the 12 target triples
==============================================================================

(e, k') = (2, 4):
    epsilon_0(v) = 0  [OK]
    epsilon_1(v) = 1  [OK]
    max epsilon = 1

(e, k') = (2, 5):
    epsilon_0(v) = 0  [OK]
    epsilon_1(v) = 1  [OK]
    max epsilon = 1

(e, k') = (3, 4):
    epsilon_0(v) = 0  [OK]
    epsilon_1(v) = 1  [OK]
    epsilon_2(v) = 1  [OK]
    max epsilon = 1

(e, k') = (4, 3):
    epsilon_0(v) = 0  [OK]
    epsilon_1(v) = 1  [OK]
    epsilon_2(v) = 1  [OK]
    epsilon_3(v) = 1  [OK]
    max epsilon = 1

(e, k') = (5, 2):
    epsilon_0(v) = 0  [OK]
    epsilon_1(v) = 0  [OK]
    epsilon_2(v) = 0  [OK]
    epsilon_3(v) = 1  [OK]
    epsilon_4(v) = 1  [OK]
    max epsilon = 1

==============================================================================
Independent shape check: verify signature of e*lambda is [A,R]^n or
[A,R]^n [A], as claimed in the proof.
==============================================================================

Signature shape check: 0 failures out of the full sweep.
(0 failures = signature-word proof confirmed structurally.)
