  n=3: #(u,w) pairs and basis dimension per degree m
    m= 0:  pairs    10   dim A_m =   1   checks      10   bad 0
    m= 1:  pairs     8   dim A_m =   2   checks      16   bad 0
    m= 2:  pairs     4   dim A_m =   2   checks       8   bad 0
    m= 3:  pairs     1   dim A_m =   1   checks       1   bad 0
  n=3: TOTAL disagreements across all degrees = 0

  n=4: #(u,w) pairs and basis dimension per degree m
    m= 0:  pairs   106   dim A_m =   1   checks     106   bad 0
    m= 1:  pairs    96   dim A_m =   3   checks     288   bad 0
    m= 2:  pairs    71   dim A_m =   5   checks     355   bad 0
    m= 3:  pairs    42   dim A_m =   6   checks     252   bad 0
    m= 4:  pairs    19   dim A_m =   5   checks      95   bad 0
    m= 5:  pairs     6   dim A_m =   3   checks      18   bad 0
    m= 6:  pairs     1   dim A_m =   1   checks       1   bad 0
  n=4: TOTAL disagreements across all degrees = 0

  n=5: #(u,w) pairs and basis dimension per degree m
    m= 0:  pairs  1930   dim A_m =   1   checks    1930   bad 0
    m= 1:  pairs  1830   dim A_m =   4   checks    7320   bad 0
    m= 2:  pairs  1558   dim A_m =   9   checks   14022   bad 0
    m= 3:  pairs  1186   dim A_m =  15   checks   17790   bad 0
    m= 4:  pairs   801   dim A_m =  20   checks   16020   bad 0
    m= 5:  pairs   474   dim A_m =  22   checks   10428   bad 0
    m= 6:  pairs   241   dim A_m =  20   checks    4820   bad 0
    m= 7:  pairs   102   dim A_m =  15   checks    1530   bad 0
    m= 8:  pairs    34   dim A_m =   9   checks     306   bad 0
    m= 9:  pairs     8   dim A_m =   4   checks      32   bad 0
    m=10:  pairs     1   dim A_m =   1   checks       1   bad 0
  n=5: TOTAL disagreements across all degrees = 0

