{'nu': 94906, 'T1_ok': 43916, 'T2_ok': 94906}

-- refusal controls (perturbed formulas must be REFUSED) --
   T1 with lam_{i-1}+2: refused 466/466
   T1 with lam_{i-1}+0: refused 229/466
   T2 with lam_{i-2}+3: refused 434/1047
   T2 with lam_{i-2}+1: refused 400/1047
(S6) calibration: {'d_le_3G_ok': 12295, 'emptybox': 12550}
  m=2 G=0 (n=2, d<=0): slices=1 FAIL=0 maxd_nonempty=0
  m=2 G=1 (n=3, d<=3): slices=12 FAIL=0 maxd_nonempty=3
  m=2 G=2 (n=4, d<=6): slices=60 FAIL=0 maxd_nonempty=6
  m=2 G=3 (n=5, d<=9): slices=192 FAIL=0 maxd_nonempty=9
  m=2 G=4 (n=6, d<=12): slices=475 FAIL=0 maxd_nonempty=12
  m=2 G=5 (n=7, d<=15): slices=996 FAIL=0 maxd_nonempty=15
  m=2 G=6 (n=8, d<=18): slices=1862 FAIL=4 maxd_nonempty=18
     first: mu=(0, 4) lam=(3, 9) b=3 P=[-2, 0] Q=[1, 3] sigma=1 N=[2, 1, 1]
  m=2 G=7 (n=9, d<=21): slices=3200 FAIL=24 maxd_nonempty=21
     first: mu=(0, 4) lam=(3, 10) b=3 P=[-2, 0] Q=[1, 4] sigma=1 N=[2, 1, 1]
  m=3 G=0 (n=3, d<=0): slices=1 FAIL=0 maxd_nonempty=0
  m=3 G=1 (n=4, d<=3): slices=18 FAIL=0 maxd_nonempty=3
  m=3 G=2 (n=5, d<=6): slices=138 FAIL=0 maxd_nonempty=6
  m=3 G=3 (n=6, d<=9): slices=652 FAIL=0 maxd_nonempty=9
  m=3 G=4 (n=7, d<=12): slices=2265 FAIL=0 maxd_nonempty=12
  m=3 G=5 (n=8, d<=15): slices=6384 FAIL=0 maxd_nonempty=15
  m=3 G=6 (n=9, d<=18): slices=15484 FAIL=12 maxd_nonempty=18
     first: mu=(0, 1, 5) lam=(0, 6, 8) b=3 P=[0, 0, -2] Q=[0, 3, 1] sigma=1 N=[2, 1, 1]
  m=3 G=7 (n=10, d<=21): slices=33552 FAIL=126 maxd_nonempty=21
     first: mu=(0, 1, 5) lam=(0, 6, 8) b=3 P=[1, 0, -2] Q=[1, 3, 1] sigma=2 N=[2, 1, 1]
