{'nu': 94906, 'T1_ok': 43916, 'T2_ok': 94906}

-- refusal controls (perturbed formulas must be REFUSED) --
   T1 with lam_{i-1}+2: refused 466/466
   T1 with lam_{i-1}+0: refused 229/466
   T2 with lam_{i-2}+3: refused 434/1047
   T2 with lam_{i-2}+1: refused 400/1047
(S6) calibration: {'d_le_3G_ok': 12295, 'emptybox': 12550}
  m=4 G=0 (n=4, d<=0): slices=1 FAIL=0 maxd_nonempty=0
  m=4 G=1 (n=5, d<=3): slices=24 FAIL=0 maxd_nonempty=3
  m=4 G=2 (n=6, d<=6): slices=248 FAIL=0 maxd_nonempty=6
  m=4 G=3 (n=7, d<=9): slices=1568 FAIL=0 maxd_nonempty=9
  m=4 G=4 (n=8, d<=12): slices=7140 FAIL=0 maxd_nonempty=12
  m=4 G=5 (n=9, d<=15): slices=25752 FAIL=0 maxd_nonempty=15
  m=4 G=6 (n=10, d<=18): slices=78132 FAIL=24 maxd_nonempty=18
     first: mu=(0, 1, 2, 6) lam=(0, 1, 7, 9) b=3 P=[0, 0, 0, -2] Q=[0, 0, 3, 1] sigma=1 N=[2, 1, 1]
  m=4 G=7 (n=11, d<=21): slices=207576 FAIL=384 maxd_nonempty=21
     first: mu=(0, 1, 2, 6) lam=(0, 1, 7, 9) b=3 P=[1, 0, 0, -2] Q=[1, 0, 3, 1] sigma=2 N=[2, 1, 1]
  m=5 G=0 (n=5, d<=0): slices=1 FAIL=0 maxd_nonempty=0
  m=5 G=1 (n=6, d<=3): slices=30 FAIL=0 maxd_nonempty=3
  m=5 G=2 (n=7, d<=6): slices=390 FAIL=0 maxd_nonempty=6
  m=5 G=3 (n=8, d<=9): slices=3100 FAIL=0 maxd_nonempty=9
  m=5 G=4 (n=9, d<=12): slices=17595 FAIL=0 maxd_nonempty=12
  m=5 G=5 (n=10, d<=15): slices=78084 FAIL=0 maxd_nonempty=15
  m=5 G=6 (n=11, d<=18): slices=287405 FAIL=40 maxd_nonempty=18
     first: mu=(0, 1, 2, 3, 7) lam=(0, 1, 2, 8, 10) b=3 P=[0, 0, 0, 0, -2] Q=[0, 0, 0, 3, 1] sigma=1 N=[2, 1, 1]
  m=5 G=7 (n=12, d<=21): slices=913660 FAIL=910 maxd_nonempty=21
     first: mu=(0, 1, 2, 3, 7) lam=(0, 1, 2, 8, 10) b=3 P=[1, 0, 0, 0, -2] Q=[1, 0, 0, 3, 1] sigma=2 N=[2, 1, 1]
