=== (M) with phi = k = sum_i (-y_i)_+  [the horizontal-strip defect] ===
  k m=2 box in [-3,3]: base sets 1911 (base M-convex control broke 0); sublevel tests 691, M-convex 691, BROKE 0, max |S| 5
  k m=3 box in [-2,2]: base sets 9500 (base M-convex control broke 0); sublevel tests 4994, M-convex 4994, BROKE 0, max |S| 12
  k m=3 box in [-3,3]: base sets 104958 (base M-convex control broke 0); sublevel tests 89235, M-convex 89235, BROKE 0, max |S| 27
  k m=4 box in [-2,2]: base sets 17008 (base M-convex control broke 0); sublevel tests 14644, M-convex 14644, BROKE 0, max |S| 67
=== (M) generalised: random SEPARABLE CONVEX phi ===
  sepconvex#0 m=3 box in [-2,2]: base sets 9500 (base M-convex control broke 0); sublevel tests 12081, M-convex 10773, BROKE 1308, max |S| 17
     WITNESS: (3, ((-2, -1), (-2, 1), (-2, 1)), -1, 6, [(-2, 1, 0), (-1, -1, 1), (-1, 0, 0), (-1, 1, -1)], ((-1, -1, 1), (-2, 1, 0), 0))
  sepconvex#1 m=3 box in [-2,2]: base sets 9500 (base M-convex control broke 0); sublevel tests 10334, M-convex 9536, BROKE 798, max |S| 17
     WITNESS: (3, ((-2, -1), (-2, 1), (-2, 1)), -1, 4, [(-2, 1, 0), (-1, -1, 1), (-1, 0, 0), (-1, 1, -1)], ((-1, -1, 1), (-2, 1, 0), 0))
  sepconvex#2 m=3 box in [-2,2]: base sets 9500 (base M-convex control broke 0); sublevel tests 12006, M-convex 10614, BROKE 1392, max |S| 16
     WITNESS: (3, ((-2, -1), (-2, 0), (-2, 1)), -2, 4, [(-2, 0, 0), (-1, -2, 1), (-1, -1, 0), (-1, 0, -1)], ((-2, 0, 0), (-1, -2, 1), 1))
  sepconvex#3 m=3 box in [-2,2]: base sets 9500 (base M-convex control broke 0); sublevel tests 11879, M-convex 10763, BROKE 1116, max |S| 18
     WITNESS: (3, ((-2, -1), (-2, 0), (-2, 0)), -3, 5, [(-2, 0, -1), (-1, -2, 0), (-1, -1, -1), (-1, 0, -2)], ((-1, -2, 0), (-2, 0, -1), 0))
=== NEGATIVE control: NON-convex separable phi must BREAK (M) ===
  nonconvex#0 m=3 box in [-2,2]: base sets 9500 (base M-convex control broke 0); sublevel tests 5150, M-convex 1612, BROKE 3538, max |S| 15
     WITNESS: (3, ((-2, -2), (-2, 0), (-2, 0)), -4, 5, [(-2, -2, 0), (-2, 0, -2)], ((-2, -2, 0), (-2, 0, -2), 2))
  nonconvex#1 m=3 box in [-2,2]: base sets 9500 (base M-convex control broke 0); sublevel tests 7649, M-convex 3197, BROKE 4452, max |S| 16
     WITNESS: (3, ((-2, -2), (-2, 0), (-2, 0)), -4, 2, [(-2, -2, 0), (-2, 0, -2)], ((-2, -2, 0), (-2, 0, -2), 2))
  nonconvex#2 m=3 box in [-2,2]: base sets 9500 (base M-convex control broke 0); sublevel tests 7756, M-convex 3471, BROKE 4285, max |S| 15
     WITNESS: (3, ((-2, -2), (-2, 0), (-2, 0)), -4, 1, [(-2, -2, 0), (-2, 0, -2)], ((-2, -2, 0), (-2, 0, -2), 2))
