{'nu': 94906, 'T1_ok': 43916, 'T2_ok': 94906}

-- refusal controls (perturbed formulas must be REFUSED) --
   T1 with lam_{i-1}+2: refused 466/466
   T1 with lam_{i-1}+0: refused 229/466
   T2 with lam_{i-2}+3: refused 434/1047
   T2 with lam_{i-2}+1: refused 400/1047
  C0_broke = 4155
  C0_still_Mconvex = 21234
  C1_Mconvex = 11460
  C1_broke = 1756
  C1_nontrivial = 13216
  C2(|y-1|)_Mconvex = 6742
  C2(|y-1|)_nontrivial = 6742
  C3(#neg)_BROKE = 1347
  C3(#neg)_Mconvex = 10909
  C3(#neg)_nontrivial = 12256
  C4(max)_Mconvex = 8989
  C4(max)_nontrivial = 8989
  H1dd(k)_Mconvex = 15058
  H1dd(k)_nontrivial = 15058
  slices = 49572
  sizes of nontrivial sublevel sets: {'H1dd(k)': (9, 2.52), 'C2(|y-1|)': (6, 2.65), 'C3(#neg)': (9, 2.6), 'C4(max)': (6, 2.76)} (max, mean)
 EX C3(#neg) (2, 6, (0, 3), (4, 7), 2, 1, [(-2, 0), (0, -2)], ((-2, 0), (0, -2), 1))
