{'nu': 94906, 'T1_ok': 43916, 'T2_ok': 94906}

-- refusal controls (perturbed formulas must be REFUSED) --
   T1 with lam_{i-1}+2: refused 466/466
   T1 with lam_{i-1}+0: refused 229/466
   T2 with lam_{i-2}+3: refused 434/1047
   T2 with lam_{i-2}+1: refused 400/1047
  G=0 = 5
  G=1 = 120
  G=2 = 1400
  G=3 = 5477
  G=4 = 9230
  G=5 = 25088
  G=6 = 11461
  G=7 = 18856
  G=8 = 2753
  G=9 = 3476
  Q0_id_ok = 141759
  Q0_parity_ok = 77866
  Q1_Mconvex = 13522
  Q1_multisum = 22451
  Q1_nontrivial = 35973
  Q1_not = 22451
  Q1nat_not = 22451
  Q1nat_yes = 13522
  Q2_level_Mconvex = 27649
  Q2_level_NOT = 830
  Q2_level_nontrivial = 28479
  Q2_level_trivial = 75549
  Q3_Mnat_not = 22451
  Q3_Mnat_yes = 13522
  Q3_nontrivial = 35973
  Q3_sums_interval = 35973
  m=2 = 11452
  m=3 = 34977
  m=4 = 27350
  m=5 = 3486
  m=6 = 601
  maxlev=1 = 52564
  maxlev=2 = 18634
  maxlev=3 = 5044
  maxlev=4 = 1186
  maxlev=5 = 319
  maxlev=6 = 119
  nlev=1 = 55415
  nlev=2 = 18970
  nlev=3 = 3255
  nlev=4 = 222
  nlev=5 = 4
  slices = 77866
  |W|=1 = 41893
  |W|=2 = 18958
  |W|=3 = 10751
  |W|=4 = 3335
  |W|=5 = 1773
  |W|=6 = 742
  |W|=7 = 306
  |W|=8 = 108

 EX Q1natyes (2, 4, (0, 2), (1, 3), 1, [(1, 2), (2, 1)])
 EX Q1yes (2, 4, (0, 2), (1, 3), 1, [(1, 2), (2, 1)])
 EX Q2no (2, 6, (0, 3), (3, 6), 2, 1, [(1, 3), (3, 1)], ((3, 1), (1, 3), 0))
 EX Q3no (2, 4, (0, 2), (1, 4), 1, [(0, 1, 3), (1, 1, 1)], ((0, 1, 3), (1, 1, 1), 2))
