==========================================================================
PROP 6 -- is Psi_open equal to ordinary psi (wrap-blind)?
==========================================================================
   Psi_open vs ordinary psi : 797 agree, 0 DISAGREE
   FIRING CONTROL, Korff's CYCLIC Psi vs ordinary psi: 32 agree, 765 disagree  (must be >0, else the test is blind)
   => Psi_open is wrap-blind: the cylinder enters ONLY via the region R.

==========================================================================
CLAIM 7 -- minimum number of J_open-nonempty strips over the alpha=(1^n) fibre
==========================================================================
   k=1 ell=0 M=2 n=4: min #bad strips = 1   ord_(t=1) of signed sum = 1   (target ord = 2)
      witness attaining the minimum: ((0, 0), (1, 0), (2, 0), (2, 1), (3, 1))
         its thetas: [(1, 0), (1, 0), (0, 1), (1, 0)]  Psi_open = 1 - t**2
   k=1 ell=1 M=3 n=6: min #bad strips = 1   ord_(t=1) of signed sum = 1   (target ord = 0)
      witness attaining the minimum: ((0, 0), (1, 0), (2, 0), (3, 0), (4, 0), (4, 1), (5, 1))
         its thetas: [(1, 0), (1, 0), (1, 0), (1, 0), (0, 1), (1, 0)]  Psi_open = 1 - t**4
   k=1 ell=2 M=4 n=8: min #bad strips = 1   ord_(t=1) of signed sum = 1   (target ord = 0)
      witness attaining the minimum: ((0, 0), (1, 0), (2, 0), (3, 0), (4, 0), (5, 0), (6, 0), (6, 1), (7, 1))
         its thetas: [(1, 0), (1, 0), (1, 0), (1, 0), (1, 0), (1, 0), (0, 1), (1, 0)]  Psi_open = 1 - t**6
   k=1 ell=3 M=5 n=10: min #bad strips = 1   ord_(t=1) of signed sum = 1   (target ord = 0)
      witness attaining the minimum: ((0, 0), (1, 0), (2, 0), (3, 0), (4, 0), (5, 0), (6, 0), (7, 0), (8, 0), (8, 1), (9, 1))
         its thetas: [(1, 0), (1, 0), (1, 0), (1, 0), (1, 0), (1, 0), (1, 0), (1, 0), (0, 1), (1, 0)]  Psi_open = 1 - t**8
   k=2 ell=1 M=4 n=8: min #bad strips = 3   ord_(t=1) of signed sum = 3   (target ord = 0)
      witness attaining the minimum: ((0, 0, 0, 0), (1, 0, 0, 0), (2, 0, 0, 0), (3, 0, 0, 0), (4, 0, 0, 0), (4, 1, 0, 0), (4, 1, 1, 0), (4, 1, 1, 1), (5, 1, 1, 1))
         its thetas: [(1, 0, 0, 0), (1, 0, 0, 0), (1, 0, 0, 0), (1, 0, 0, 0), (0, 1, 0, 0), (0, 0, 1, 0), (0, 0, 0, 1), (1, 0, 0, 0)]  Psi_open = -t**6 + 2*t**5 - t**4 + t**2 - 2*t + 1
