ell=0 M=2 n=4 w=2:
   #T with exactly one bad strip = 2   (predicted 2M-2 = 2)
   their c^- values = [-1]   (predicted [-1])
   their Psi_open = 1 - t^p with p = [1, 2]   (predicted 1..2)
   {exactly one bad strip} == {c^- = -1} as SETS? True   (|B| = 2)
   d/dt sum_T c^- Psi_open at t=1 = 3   predicted (M-1)(2M-1) = 3   MATCH
   ord_(t=1) of the sum = 1 exactly? True
ell=1 M=3 n=6 w=4:
   #T with exactly one bad strip = 4   (predicted 2M-2 = 4)
   their c^- values = [-1]   (predicted [-1])
   their Psi_open = 1 - t^p with p = [1, 2, 3, 4]   (predicted 1..4)
   {exactly one bad strip} == {c^- = -1} as SETS? True   (|B| = 4)
   d/dt sum_T c^- Psi_open at t=1 = 10   predicted (M-1)(2M-1) = 10   MATCH
   ord_(t=1) of the sum = 1 exactly? True
ell=2 M=4 n=8 w=6:
   #T with exactly one bad strip = 6   (predicted 2M-2 = 6)
   their c^- values = [-1]   (predicted [-1])
   their Psi_open = 1 - t^p with p = [1, 2, 3, 4, 5, 6]   (predicted 1..6)
   {exactly one bad strip} == {c^- = -1} as SETS? True   (|B| = 6)
   d/dt sum_T c^- Psi_open at t=1 = 21   predicted (M-1)(2M-1) = 21   MATCH
   ord_(t=1) of the sum = 1 exactly? True
ell=3 M=5 n=10 w=8:
   #T with exactly one bad strip = 8   (predicted 2M-2 = 8)
   their c^- values = [-1]   (predicted [-1])
   their Psi_open = 1 - t^p with p = [1, 2, 3, 4, 5, 6, 7, 8]   (predicted 1..8)
   {exactly one bad strip} == {c^- = -1} as SETS? True   (|B| = 8)
   d/dt sum_T c^- Psi_open at t=1 = 36   predicted (M-1)(2M-1) = 36   MATCH
   ord_(t=1) of the sum = 1 exactly? True
ell=4 M=6 n=12 w=10:
   #T with exactly one bad strip = 10   (predicted 2M-2 = 10)
   their c^- values = [-1]   (predicted [-1])
   their Psi_open = 1 - t^p with p = [1, 2, 3, 4, 5, 6, 7, 8, 9, 10]   (predicted 1..10)
   {exactly one bad strip} == {c^- = -1} as SETS? True   (|B| = 10)
   d/dt sum_T c^- Psi_open at t=1 = 55   predicted (M-1)(2M-1) = 55   MATCH
   ord_(t=1) of the sum = 1 exactly? True
