(A) k=2 closed form [Y1^(a-j)Y2^j] h_a = sum_{s=j}^a (-1)^(s-j) C(s,j): 44/44, 0 bad
(B) shift-invariance of the {Y_(k-1),Y_k}-part: 108/108, 0 bad
(C) signed count over (weakly incr. seq, marked subset): 20/20, 0 bad (2168 signed terms collapsing across the 20 cases -- the cancellation is heavy)

Table (paper S7):
  h_1(x_1..x_1) = +Y_1
  h_2(x_1..x_1) = +Y_11
  h_3(x_1..x_1) = +Y_111
  h_4(x_1..x_1) = +Y_1111
  h_5(x_1..x_1) = +Y_11111
  h_1(x_1..x_2) = +Y_2
  h_2(x_1..x_2) = +Y_11 -Y_12 +Y_22
  h_3(x_1..x_2) = +2Y_112 -2Y_122 +Y_222
  h_4(x_1..x_2) = +Y_1111 -2Y_1112 +4Y_1122 -3Y_1222 +Y_2222
  h_5(x_1..x_2) = +3Y_11112 -6Y_11122 +7Y_11222 -4Y_12222 +Y_22222
  h_1(x_1..x_3) = +Y_3
  h_2(x_1..x_3) = +Y_11 -Y_12 +Y_22 -Y_23 +Y_33
  h_3(x_1..x_3) = +Y_112 +Y_113 -Y_122 -Y_123 +2Y_223 -2Y_233 +Y_333
  h_4(x_1..x_3) = +Y_1111 -2Y_1112 +3Y_1122 +Y_1133 -2Y_1222 -Y_1233 +Y_2222 -2Y_2223 +4Y_2233 -3Y_2333 +Y_3333
  h_5(x_1..x_3) = +2Y_11112 +Y_11113 -4Y_11122 -2Y_11123 +4Y_11222 +3Y_11223 -Y_11233 +Y_11333 -2Y_12222 -2Y_12223 +Y_12233 -Y_12333 +3Y_22223 -6Y_22233 +7Y_22333 -4Y_23333 +Y_33333
  h_1(x_1..x_4) = +Y_4
  h_2(x_1..x_4) = +Y_11 -Y_12 +Y_22 -Y_23 +Y_33 -Y_34 +Y_44
  h_3(x_1..x_4) = +Y_112 +Y_114 -Y_122 -Y_124 +Y_223 +Y_224 -Y_233 -Y_234 +2Y_334 -2Y_344 +Y_444
  h_4(x_1..x_4) = +Y_1111 -2Y_1112 +3Y_1122 -Y_1123 +Y_1124 +Y_1133 -Y_1134 +Y_1144 -2Y_1222 +Y_1223 -Y_1224 -Y_1233 +Y_1234 -Y_1244 +Y_2222 -2Y_2223 +3Y_2233 +Y_2244 -2Y_2333 -Y_2344 +Y_3333 -2Y_3334 +4Y_3344 -3Y_3444 +Y_4444
  h_5(x_1..x_4) = +2Y_11112 +Y_11114 -4Y_11122 -2Y_11124 +4Y_11222 +3Y_11224 -2Y_11234 +Y_11244 +2Y_11334 -2Y_11344 +Y_11444 -2Y_12222 -2Y_12224 +2Y_12234 -Y_12244 -2Y_12334 +2Y_12344 -Y_12444 +2Y_22223 +Y_22224 -4Y_22233 -2Y_22234 +4Y_22333 +3Y_22334 -Y_22344 +Y_22444 -2Y_23333 -2Y_23334 +Y_23344 -Y_23444 +3Y_33334 -6Y_33344 +7Y_33444 -4Y_34444 +Y_44444
