n=3
  P1  N(p) depends only on content : 20/20 content-classes constant, 0 bad
  P2  I_alpha == N(p_alpha)        : 17/20 agree, 3 differ
        restricted to max part <=1 : 14/14 agree, 0 differ
        restricted to max part >=2 : 3/6 agree, 3 differ
  P2' I_alpha > N(p_alpha) ever?   : 0 violations of I <= N
  P3  I_alpha == multinom*N        : 12/20 agree, 8 differ
  non-vacuity: max-part histogram over tested alphas = {1: 14, 2: 6}
  non-vacuity: increasing-chain LENGTH distribution  = {1: 10, 2: 6, 3: 1}
  distinct types tested, by degree m                 = {1: 10, 2: 8, 3: 2}
  example of I != N: u=(1, 2, 3) w=(2, 3, 1) alpha=(0, 2)  I=0  N=1
  example of I != N: u=(1, 2, 3) w=(3, 2, 1) alpha=(1, 2)  I=0  N=1
n=4
  P1  N(p) depends only on content : 603/603 content-classes constant, 0 bad
  P2  I_alpha == N(p_alpha)        : 350/603 agree, 253 differ
        restricted to max part <=1 : 218/218 agree, 0 differ
        restricted to max part >=2 : 132/385 agree, 253 differ
  P2' I_alpha > N(p_alpha) ever?   : 0 violations of I <= N
  P3  I_alpha == multinom*N        : 122/603 agree, 481 differ
  non-vacuity: max-part histogram over tested alphas = {1: 218, 2: 282, 3: 94, 4: 9}
  non-vacuity: increasing-chain LENGTH distribution  = {1: 86, 2: 133, 3: 112, 4: 52, 5: 12, 6: 1}
  distinct types tested, by degree m                 = {1: 86, 2: 163, 3: 178, 4: 120, 5: 48, 6: 8}
  example of I != N: u=(1, 2, 3, 4) w=(1, 3, 4, 2) alpha=(0, 0, 2)  I=0  N=1
  example of I != N: u=(1, 2, 3, 4) w=(1, 4, 3, 2) alpha=(0, 1, 2)  I=0  N=1
